
> busiq@0.2.0 check
> tsc -b --pretty false

src/app.tsx(8,120): error TS2345: Argument of type '(c: WorkItem[]) => (WorkItem | { id: `${string}-${string}-${string}-${string}-${string}`; request: string; intent: ResolvedIntent; createdAt: string; status: string; })[]' is not assignable to parameter of type 'SetStateAction<WorkItem[]>'.
  Type '(c: WorkItem[]) => (WorkItem | { id: `${string}-${string}-${string}-${string}-${string}`; request: string; intent: ResolvedIntent; createdAt: string; status: string; })[]' is not assignable to type '(prevState: WorkItem[]) => WorkItem[]'.
    Type '(WorkItem | { id: `${string}-${string}-${string}-${string}-${string}`; request: string; intent: ResolvedIntent; createdAt: string; status: string; })[]' is not assignable to type 'WorkItem[]'.
      Type 'WorkItem | { id: `${string}-${string}-${string}-${string}-${string}`; request: string; intent: ResolvedIntent; createdAt: string; status: string; }' is not assignable to type 'WorkItem'.
        Type '{ id: `${string}-${string}-${string}-${string}-${string}`; request: string; intent: ResolvedIntent; createdAt: string; status: string; }' is not assignable to type 'WorkItem'.
          Types of property 'status' are incompatible.
            Type 'string' is not assignable to type '"active" | "complete"'.
src/bie/resolution.ts(8,20): error TS2352: Conversion of type '{ [k: string]: Record<string, unknown>; }' to type 'ResolvedBusinessContext' may be a mistake because neither type sufficiently overlaps with the other. If this was intentional, convert the expression to 'unknown' first.
  Type '{ [k: string]: Record<string, unknown>; }' is missing the following properties from type 'ResolvedBusinessContext': context, intent, knowledge, learning, and 3 more.
